Initialized native services in: C:\Users\ehsan computer\.gradle\native
Initialized jansi services in: C:\Users\ehsan computer\.gradle\native
The client will now receive all logging from the daemon (pid: 1584). The daemon log file: C:\Users\ehsan computer\.gradle\daemon\8.13\daemon-1584.out.log
Starting 5th build in daemon [uptime: 26 mins 46.577 secs, performance: 100%, GC rate: 0.00/s, heap usage: 0% of 2 GiB]
Using 8 worker leases.
Now considering [G:\ip scanner\android] as hierarchies to watch
Watching the file system is configured to be enabled if available
File system watching is active
Starting Build
Settings evaluated using settings file 'G:\ip scanner\android\settings.gradle'.
Projects loaded. Root project using build file 'G:\ip scanner\android\build.gradle'.
Included projects: [root project 'ip scanner', project ':app']

> Configure project :
Evaluating root project 'ip scanner' using build file 'G:\ip scanner\android\build.gradle'.

> Configure project :app
Evaluating project ':app' using build file 'G:\ip scanner\android\app\build.gradle'.
Resolved plugin [id: 'com.android.application']
Resolved plugin [id: 'kotlin-android']
Using default execution profile
Using Kotlin Gradle Plugin gradle82 variant
All projects evaluated.
Task name matched 'assembleDebug'
Selected primary task 'assembleDebug' from project :
Tasks to be executed: [task ':app:preBuild', task ':app:preDebugBuild', task ':app:mergeDebugNativeDebugMetadata', task ':app:checkKotlinGradlePluginConfigurationErrors', task ':app:dataBindingMergeDependencyArtifactsDebug', task ':app:generateDebugResValues', task ':app:generateDebugResources', task ':app:mergeDebugResources', task ':app:packageDebugResources', task ':app:parseDebugLocalResources', task ':app:dataBindingGenBaseClassesDebug', task ':app:checkDebugAarMetadata', task ':app:mapDebugSourceSetPaths', task ':app:createDebugCompatibleScreenManifests', task ':app:extractDeepLinksDebug', task ':app:processDebugMainManifest', task ':app:processDebugManifest', task ':app:processDebugManifestForPackage', task ':app:processDebugResources', task ':app:compileDebugKotlin', task ':app:javaPreCompileDebug', task ':app:compileDebugJavaWithJavac', task ':app:mergeDebugShaders', task ':app:compileDebugShaders', task ':app:generateDebugAssets', task ':app:mergeDebugAssets', task ':app:compressDebugAssets', task ':app:desugarDebugFileDependencies', task ':app:dexBuilderDebug', task ':app:mergeDebugGlobalSynthetics', task ':app:processDebugJavaRes', task ':app:mergeDebugJavaResource', task ':app:checkDebugDuplicateClasses', task ':app:mergeExtDexDebug', task ':app:mergeLibDexDebug', task ':app:mergeProjectDexDebug', task ':app:mergeDebugJniLibFolders', task ':app:mergeDebugNativeLibs', task ':app:stripDebugDebugSymbols', task ':app:validateSigningDebug', task ':app:writeDebugAppMetadata', task ':app:writeDebugSigningConfigVersions', task ':app:packageDebug', task ':app:createDebugApkListingFileRedirect', task ':app:assembleDebug']
Tasks that were excluded: []
Resolve mutations for :app:preBuild (Thread[#452,Execution worker,5,main]) started.
:app:preBuild (Thread[#452,Execution worker,5,main]) started.

> Task :app:preBuild UP-TO-DATE
Skipping task ':app:preBuild' as it has no actions.
Resolve mutations for :app:preDebugBuild (Thread[#451,included builds,5,main]) started.
:app:preDebugBuild (Thread[#451,included builds,5,main]) started.

> Task :app:preDebugBuild UP-TO-DATE
Skipping task ':app:preDebugBuild' as it has no actions.
Resolve mutations for :app:mergeDebugNativeDebugMetadata (Thread[#451,included builds,5,main]) started.
:app:mergeDebugNativeDebugMetadata (Thread[#451,included builds,5,main]) started.

> Task :app:mergeDebugNativeDebugMetadata NO-SOURCE
Skipping task ':app:mergeDebugNativeDebugMetadata' as it has no source files and no previous output files.
Resolve mutations for :app:checkKotlinGradlePluginConfigurationErrors (Thread[#451,included builds,5,main]) started.
:app:checkKotlinGradlePluginConfigurationErrors (Thread[#451,included builds,5,main]) started.

> Task :app:checkKotlinGradlePluginConfigurationErrors
Caching disabled for task ':app:checkKotlinGradlePluginConfigurationErrors' because:
  Build cache is disabled
Task ':app:checkKotlinGradlePluginConfigurationErrors' is not up-to-date because:
  Task has not declared any outputs despite executing actions.
Resolve mutations for :app:dataBindingMergeDependencyArtifactsDebug (Thread[#451,included builds,5,main]) started.
:app:dataBindingMergeDependencyArtifactsDebug (Thread[#451,included builds,5,main]) started.

> Task :app:dataBindingMergeDependencyArtifactsDebug UP-TO-DATE
Caching disabled for task ':app:dataBindingMergeDependencyArtifactsDebug' because:
  Build cache is disabled
  Caching has been disabled for the task
Skipping task ':app:dataBindingMergeDependencyArtifactsDebug' as it is up-to-date.
Resolve mutations for :app:generateDebugResValues (Thread[#451,included builds,5,main]) started.
:app:generateDebugResValues (Thread[#451,included builds,5,main]) started.

> Task :app:generateDebugResValues UP-TO-DATE
Caching disabled for task ':app:generateDebugResValues' because:
  Build cache is disabled
Skipping task ':app:generateDebugResValues' as it is up-to-date.
Resolve mutations for :app:generateDebugResources (Thread[#451,included builds,5,main]) started.
:app:generateDebugResources (Thread[#451,included builds,5,main]) started.

> Task :app:generateDebugResources UP-TO-DATE
Caching disabled for task ':app:generateDebugResources' because:
  Build cache is disabled
Skipping task ':app:generateDebugResources' as it is up-to-date.
Resolve mutations for :app:mergeDebugResources (Thread[#451,included builds,5,main]) started.
:app:mergeDebugResources (Thread[#451,included builds,5,main]) started.

> Task :app:mergeDebugResources UP-TO-DATE
Caching disabled for task ':app:mergeDebugResources' because:
  Build cache is disabled
Skipping task ':app:mergeDebugResources' as it is up-to-date.
Resolve mutations for :app:packageDebugResources (Thread[#455,Execution worker Thread 4,5,main]) started.
:app:packageDebugResources (Thread[#455,Execution worker Thread 4,5,main]) started.

> Task :app:packageDebugResources UP-TO-DATE
Caching disabled for task ':app:packageDebugResources' because:
  Build cache is disabled
Skipping task ':app:packageDebugResources' as it is up-to-date.
Resolve mutations for :app:parseDebugLocalResources (Thread[#455,Execution worker Thread 4,5,main]) started.
:app:parseDebugLocalResources (Thread[#455,Execution worker Thread 4,5,main]) started.

> Task :app:parseDebugLocalResources UP-TO-DATE
Caching disabled for task ':app:parseDebugLocalResources' because:
  Build cache is disabled
Skipping task ':app:parseDebugLocalResources' as it is up-to-date.
Resolve mutations for :app:dataBindingGenBaseClassesDebug (Thread[#455,Execution worker Thread 4,5,main]) started.
:app:dataBindingGenBaseClassesDebug (Thread[#455,Execution worker Thread 4,5,main]) started.

> Task :app:dataBindingGenBaseClassesDebug UP-TO-DATE
Caching disabled for task ':app:dataBindingGenBaseClassesDebug' because:
  Build cache is disabled
Skipping task ':app:dataBindingGenBaseClassesDebug' as it is up-to-date.
Resolve mutations for :app:checkDebugAarMetadata (Thread[#455,Execution worker Thread 4,5,main]) started.
:app:checkDebugAarMetadata (Thread[#457,Execution worker Thread 6,5,main]) started.

> Task :app:checkDebugAarMetadata UP-TO-DATE
Caching disabled for task ':app:checkDebugAarMetadata' because:
  Build cache is disabled
  Caching has been disabled for the task
Skipping task ':app:checkDebugAarMetadata' as it is up-to-date.
Resolve mutations for :app:mapDebugSourceSetPaths (Thread[#457,Execution worker Thread 6,5,main]) started.
:app:mapDebugSourceSetPaths (Thread[#457,Execution worker Thread 6,5,main]) started.

> Task :app:mapDebugSourceSetPaths UP-TO-DATE
Caching disabled for task ':app:mapDebugSourceSetPaths' because:
  Build cache is disabled
  Caching has been disabled for the task
Skipping task ':app:mapDebugSourceSetPaths' as it is up-to-date.
Resolve mutations for :app:createDebugCompatibleScreenManifests (Thread[#457,Execution worker Thread 6,5,main]) started.
:app:createDebugCompatibleScreenManifests (Thread[#457,Execution worker Thread 6,5,main]) started.

> Task :app:createDebugCompatibleScreenManifests UP-TO-DATE
Caching disabled for task ':app:createDebugCompatibleScreenManifests' because:
  Build cache is disabled
  Caching has been disabled for the task
Skipping task ':app:createDebugCompatibleScreenManifests' as it is up-to-date.
Resolve mutations for :app:extractDeepLinksDebug (Thread[#457,Execution worker Thread 6,5,main]) started.
:app:extractDeepLinksDebug (Thread[#457,Execution worker Thread 6,5,main]) started.

> Task :app:extractDeepLinksDebug UP-TO-DATE
Caching disabled for task ':app:extractDeepLinksDebug' because:
  Build cache is disabled
Skipping task ':app:extractDeepLinksDebug' as it is up-to-date.
Resolve mutations for :app:processDebugMainManifest (Thread[#457,Execution worker Thread 6,5,main]) started.
:app:processDebugMainManifest (Thread[#457,Execution worker Thread 6,5,main]) started.

> Task :app:processDebugMainManifest UP-TO-DATE
Caching disabled for task ':app:processDebugMainManifest' because:
  Build cache is disabled
Skipping task ':app:processDebugMainManifest' as it is up-to-date.
Resolve mutations for :app:processDebugManifest (Thread[#457,Execution worker Thread 6,5,main]) started.
:app:processDebugManifest (Thread[#457,Execution worker Thread 6,5,main]) started.

> Task :app:processDebugManifest UP-TO-DATE
Caching disabled for task ':app:processDebugManifest' because:
  Build cache is disabled
Skipping task ':app:processDebugManifest' as it is up-to-date.
Resolve mutations for :app:processDebugManifestForPackage (Thread[#457,Execution worker Thread 6,5,main]) started.
:app:processDebugManifestForPackage (Thread[#457,Execution worker Thread 6,5,main]) started.

> Task :app:processDebugManifestForPackage UP-TO-DATE
Custom actions are attached to task ':app:processDebugManifestForPackage'.
Caching disabled for task ':app:processDebugManifestForPackage' because:
  Build cache is disabled
Skipping task ':app:processDebugManifestForPackage' as it is up-to-date.
Resolve mutations for :app:processDebugResources (Thread[#453,Execution worker Thread 2,5,main]) started.
:app:processDebugResources (Thread[#453,Execution worker Thread 2,5,main]) started.

> Task :app:processDebugResources FAILED
Resource missing. [HTTP GET: https://dl.google.com/dl/android/maven2/com/android/tools/build/aapt2/8.3.2-10880808/aapt2-8.3.2-10880808.pom]
Resource missing. [HTTP GET: https://repo.maven.apache.org/maven2/com/android/tools/build/aapt2/8.3.2-10880808/aapt2-8.3.2-10880808.pom]

[Incubating] Problems report is available at: file:///G:/ip%20scanner/android/build/reports/problems/problems-report.html

Deprecated Gradle features were used in this build, making it incompatible with Gradle 9.0.

You can use '--warning-mode all' to show the individual deprecation warnings and determine if they come from your own scripts or plugins.

For more on this, please refer to https://docs.gradle.org/8.13/userguide/command_line_interface.html#sec:command_line_warnings in the Gradle documentation.
16 actionable tasks: 2 executed, 14 up-to-date
Watched directory hierarchies: [G:\ip scanner\android]
